// Jest Snapshot v1, https://goo.gl/fbAQLP

exports[`Test for atomic KeyValue KeyValue Snapshot renders correctly 1`] = `
<View
  style={
    Object {
      "flexDirection": "row",
    }
  }
>
  <Text
    style={
      Object {
        "fontSize": 16,
        "fontWeight": "400",
        "paddingRight": 4,
      }
    }
  >
    name: 
    :
  </Text>
  <Text
    style={
      Object {
        "fontSize": 16,
        "fontWeight": "700",
      }
    }
  >
    Majid
  </Text>
</View>
`;
